{"machine_state": {"at": "2026-09-24T08:07:21+00:00", "containers": ["sih26-alice-pq", "sih26-bob-pq", "sih26-router", "thriveni-cars-mongodb-1", "greenbone-community-edition-nginx-1", "greenbone-community-edition-gsad-1", "greenbone-community-edition-openvasd-1", "greenbone-community-edition-gvmd-1", "greenbone-community-edition-pg-gvm-1", "greenbone-community-edition-ospd-openvas-1", "greenbone-community-edition-redis-server-1"], "model_available": true, "model_revision": "8a9ad7539ac86281d0ac2b017ba04a5de53fe9a3", "git_head": "ef1d9f1abd8cb91c729a74c7f87f942f76678b80"}, "phase": "robust", "prompt": "P0"}
{"phase": "robust", "item": "T1", "rule": "V-207193", "arm": "R", "prompt": "P0", "seed": 1, "excluded": null, "accepted": false, "stopped_at": "V6", "confirmed_fixed": null, "rolled_back": null, "wall_s": 17.4}
{"phase": "robust", "item": "T2", "rule": "V-207193", "arm": "R", "prompt": "P0", "seed": 1, "excluded": null, "accepted": false, "stopped_at": "V5", "confirmed_fixed": null, "rolled_back": null, "wall_s": 15.4}
{"phase": "robust", "item": "T3", "rule": "V-207193", "arm": "R", "prompt": "P0", "seed": 1, "excluded": null, "accepted": false, "stopped_at": "V5", "confirmed_fixed": null, "rolled_back": null, "wall_s": 16.5}
{"phase": "robust", "item": "T4", "rule": "V-207193", "arm": "R", "prompt": "P0", "seed": 1, "excluded": null, "accepted": false, "stopped_at": "V5", "confirmed_fixed": null, "rolled_back": null, "wall_s": 19.6}
{"phase": "robust", "item": "T5", "rule": "V-207193", "arm": "R", "prompt": "P0", "seed": 1, "excluded": null, "accepted": false, "stopped_at": "V5", "confirmed_fixed": null, "rolled_back": null, "wall_s": 21.1}
{"phase": "robust", "item": "T6", "rule": "RFC8247-DH-MUST", "arm": "R", "prompt": "P0", "seed": 1, "excluded": null, "accepted": false, "stopped_at": "V5", "confirmed_fixed": null, "rolled_back": null, "wall_s": 26.9}
{"phase": "robust", "item": "T7", "rule": "RFC8247-DH-MUST", "arm": "R", "prompt": "P0", "seed": 1, "excluded": null, "accepted": false, "stopped_at": "V5", "confirmed_fixed": null, "rolled_back": null, "wall_s": 23.4}
{"phase": "robust", "item": "T8", "rule": "RFC8247-DH-MUST", "arm": "R", "prompt": "P0", "seed": 1, "excluded": null, "accepted": false, "stopped_at": "V5", "confirmed_fixed": null, "rolled_back": null, "wall_s": 21.7}
{"phase": "robust", "item": "T9", "rule": "RFC8247-DH-MUST", "arm": "R", "prompt": "P0", "seed": 1, "excluded": null, "accepted": false, "stopped_at": "V5", "confirmed_fixed": null, "rolled_back": null, "wall_s": 19.8}
{"phase": "robust", "item": "T10", "rule": "V-207223", "arm": "R", "prompt": "P0", "seed": 1, "excluded": null, "accepted": false, "stopped_at": "V5", "confirmed_fixed": null, "rolled_back": null, "wall_s": 20.1}
{"phase": "robust", "item": "T11", "rule": "V-207223", "arm": "R", "prompt": "P0", "seed": 1, "excluded": null, "accepted": false, "stopped_at": "V4", "confirmed_fixed": null, "rolled_back": null, "wall_s": 23.8}
{"phase": "robust", "item": "T12", "rule": "V-207223", "arm": "R", "prompt": "P0", "seed": 1, "excluded": null, "accepted": false, "stopped_at": "V5", "confirmed_fixed": null, "rolled_back": null, "wall_s": 21.6}
{"phase": "robust", "item": "T13", "rule": "V-207223", "arm": "R", "prompt": "P0", "seed": 1, "excluded": null, "accepted": false, "stopped_at": "V3", "confirmed_fixed": null, "rolled_back": null, "wall_s": 23.4}
{"phase": "robust", "item": "T14", "rule": "RFC8247-ENCR", "arm": "R", "prompt": "P0", "seed": 1, "excluded": null, "accepted": false, "stopped_at": "V4", "confirmed_fixed": null, "rolled_back": null, "wall_s": 23.7}
{"phase": "robust", "item": "T15", "rule": "RFC8247-ENCR", "arm": "R", "prompt": "P0", "seed": 1, "excluded": null, "accepted": false, "stopped_at": "V4", "confirmed_fixed": null, "rolled_back": null, "wall_s": 28.1}
{"phase": "robust", "item": "T16", "rule": "RFC8247-ENCR", "arm": "R", "prompt": "P0", "seed": 1, "excluded": null, "accepted": false, "stopped_at": "V3", "confirmed_fixed": null, "rolled_back": null, "wall_s": 29.6}
{"phase": "robust", "item": "T17", "rule": "RFC8221-ESP-3DES", "arm": "R", "prompt": "P0", "seed": 1, "excluded": "baseline_UNKNOWN", "accepted": null, "stopped_at": null, "confirmed_fixed": null, "rolled_back": null, "wall_s": null}
{"phase": "robust", "item": "T18", "rule": "RFC8221-ESP-3DES", "arm": "R", "prompt": "P0", "seed": 1, "excluded": "baseline_UNKNOWN", "accepted": null, "stopped_at": null, "confirmed_fixed": null, "rolled_back": null, "wall_s": null}
{"phase": "robust", "item": "T19", "rule": "RFC8221-AH-INTEG", "arm": "R", "prompt": "P0", "seed": 1, "excluded": "baseline_UNKNOWN", "accepted": null, "stopped_at": null, "confirmed_fixed": null, "rolled_back": null, "wall_s": null}
{"phase": "robust", "item": "T20", "rule": "RFC8221-AH-INTEG", "arm": "R", "prompt": "P0", "seed": 1, "excluded": "baseline_UNKNOWN", "accepted": null, "stopped_at": null, "confirmed_fixed": null, "rolled_back": null, "wall_s": null}
{"phase": "robust", "item": "T1", "rule": "V-207193", "arm": "R", "prompt": "P0", "seed": 2, "excluded": null, "accepted": false, "stopped_at": "V6", "confirmed_fixed": null, "rolled_back": null, "wall_s": 19.1}
{"phase": "robust", "item": "T2", "rule": "V-207193", "arm": "R", "prompt": "P0", "seed": 2, "excluded": null, "accepted": false, "stopped_at": "V5", "confirmed_fixed": null, "rolled_back": null, "wall_s": 22.9}
{"phase": "robust", "item": "T3", "rule": "V-207193", "arm": "R", "prompt": "P0", "seed": 2, "excluded": null, "accepted": false, "stopped_at": "V5", "confirmed_fixed": null, "rolled_back": null, "wall_s": 25.6}
{"phase": "robust", "item": "T4", "rule": "V-207193", "arm": "R", "prompt": "P0", "seed": 2, "excluded": null, "accepted": false, "stopped_at": "V5", "confirmed_fixed": null, "rolled_back": null, "wall_s": 26.9}
{"phase": "robust", "item": "T5", "rule": "V-207193", "arm": "R", "prompt": "P0", "seed": 2, "excluded": null, "accepted": false, "stopped_at": "V5", "confirmed_fixed": null, "rolled_back": null, "wall_s": 31.3}
{"phase": "robust", "item": "T6", "rule": "RFC8247-DH-MUST", "arm": "R", "prompt": "P0", "seed": 2, "excluded": null, "accepted": false, "stopped_at": "DRY", "confirmed_fixed": null, "rolled_back": null, "wall_s": 38.9}
ABORT: seeded config on sih26-alice-pq differs from the expected text
