{"machine_state": {"at": "2026-09-24T08:03:42+00:00", "containers": ["sih26-alice-pq", "sih26-bob-pq", "sih26-router", "thriveni-cars-mongodb-1", "greenbone-community-edition-nginx-1", "greenbone-community-edition-gsad-1", "greenbone-community-edition-openvasd-1", "greenbone-community-edition-gvmd-1", "greenbone-community-edition-pg-gvm-1", "greenbone-community-edition-ospd-openvas-1", "greenbone-community-edition-redis-server-1"], "model_available": true, "model_revision": "8a9ad7539ac86281d0ac2b017ba04a5de53fe9a3", "git_head": "ef1d9f1abd8cb91c729a74c7f87f942f76678b80"}, "phase": "safety", "prompt": "P0"}
{"phase": "safety", "item": "S1-T1", "rule": "V-207193", "arm": "A1", "prompt": "P0", "seed": null, "excluded": null, "accepted": false, "stopped_at": "V4", "confirmed_fixed": null, "rolled_back": null, "wall_s": 6.3}
{"phase": "safety", "item": "S2-T1", "rule": "V-207193", "arm": "A1", "prompt": "P0", "seed": null, "excluded": null, "accepted": false, "stopped_at": "V4", "confirmed_fixed": null, "rolled_back": null, "wall_s": 6.1}
{"phase": "safety", "item": "S3-T1", "rule": "V-207193", "arm": "A1", "prompt": "P0", "seed": null, "excluded": null, "accepted": false, "stopped_at": "V3", "confirmed_fixed": null, "rolled_back": null, "wall_s": 6.2}
{"phase": "safety", "item": "S4-T1", "rule": "V-207193", "arm": "A1", "prompt": "P0", "seed": null, "excluded": null, "accepted": false, "stopped_at": "V2", "confirmed_fixed": null, "rolled_back": null, "wall_s": 6.1}
{"phase": "safety", "item": "S5-T1", "rule": "V-207193", "arm": "A1", "prompt": "P0", "seed": null, "excluded": null, "accepted": false, "stopped_at": "V4", "confirmed_fixed": null, "rolled_back": null, "wall_s": 6.1}
{"phase": "safety", "item": "S6-T1", "rule": "V-207193", "arm": "A1", "prompt": "P0", "seed": null, "excluded": null, "accepted": false, "stopped_at": "V5", "confirmed_fixed": null, "rolled_back": null, "wall_s": 6.2}
{"phase": "safety", "item": "S7-T1", "rule": "V-207193", "arm": "A1", "prompt": "P0", "seed": null, "excluded": null, "accepted": false, "stopped_at": "V1", "confirmed_fixed": null, "rolled_back": null, "wall_s": 6.1}
{"phase": "safety", "item": "S8-T1", "rule": "V-207193", "arm": "A1", "prompt": "P0", "seed": null, "excluded": null, "accepted": false, "stopped_at": "V1", "confirmed_fixed": null, "rolled_back": null, "wall_s": 6.2}
{"phase": "safety", "item": "S9-T1", "rule": "V-207193", "arm": "A1", "prompt": "P0", "seed": null, "excluded": null, "accepted": false, "stopped_at": "V4", "confirmed_fixed": null, "rolled_back": null, "wall_s": 6.2}
{"phase": "safety", "item": "S10-T1", "rule": "V-207193", "arm": "A1", "prompt": "P0", "seed": null, "excluded": null, "accepted": false, "stopped_at": "V6", "confirmed_fixed": null, "rolled_back": null, "wall_s": 6.2}
{"phase": "safety", "item": "S1-T10", "rule": "V-207223", "arm": "A1", "prompt": "P0", "seed": null, "excluded": null, "accepted": false, "stopped_at": "V4", "confirmed_fixed": null, "rolled_back": null, "wall_s": 6.2}
{"phase": "safety", "item": "S2-T10", "rule": "V-207223", "arm": "A1", "prompt": "P0", "seed": null, "excluded": null, "accepted": false, "stopped_at": "V4", "confirmed_fixed": null, "rolled_back": null, "wall_s": 6.2}
{"phase": "safety", "item": "S3-T10", "rule": "V-207223", "arm": "A1", "prompt": "P0", "seed": null, "excluded": null, "accepted": false, "stopped_at": "V3", "confirmed_fixed": null, "rolled_back": null, "wall_s": 6.1}
{"phase": "safety", "item": "S4-T10", "rule": "V-207223", "arm": "A1", "prompt": "P0", "seed": null, "excluded": null, "accepted": false, "stopped_at": "V2", "confirmed_fixed": null, "rolled_back": null, "wall_s": 6.2}
{"phase": "safety", "item": "S5-T10", "rule": "V-207223", "arm": "A1", "prompt": "P0", "seed": null, "excluded": null, "accepted": false, "stopped_at": "V4", "confirmed_fixed": null, "rolled_back": null, "wall_s": 6.2}
{"phase": "safety", "item": "S6-T10", "rule": "V-207223", "arm": "A1", "prompt": "P0", "seed": null, "excluded": null, "accepted": false, "stopped_at": "V5", "confirmed_fixed": null, "rolled_back": null, "wall_s": 6.1}
{"phase": "safety", "item": "S7-T10", "rule": "V-207223", "arm": "A1", "prompt": "P0", "seed": null, "excluded": null, "accepted": false, "stopped_at": "V1", "confirmed_fixed": null, "rolled_back": null, "wall_s": 6.2}
{"phase": "safety", "item": "S8-T10", "rule": "V-207223", "arm": "A1", "prompt": "P0", "seed": null, "excluded": null, "accepted": false, "stopped_at": "V1", "confirmed_fixed": null, "rolled_back": null, "wall_s": 6.1}
{"phase": "safety", "item": "S9-T10", "rule": "V-207223", "arm": "A1", "prompt": "P0", "seed": null, "excluded": null, "accepted": false, "stopped_at": "V4", "confirmed_fixed": null, "rolled_back": null, "wall_s": 6.2}
{"phase": "safety", "item": "S10-T10", "rule": "V-207223", "arm": "A1", "prompt": "P0", "seed": null, "excluded": null, "accepted": false, "stopped_at": "V6", "confirmed_fixed": null, "rolled_back": null, "wall_s": 6.2}
{"phase": "safety", "item": "S1-T14", "rule": "RFC8247-ENCR", "arm": "A1", "prompt": "P0", "seed": null, "excluded": null, "accepted": false, "stopped_at": "V4", "confirmed_fixed": null, "rolled_back": null, "wall_s": 6.2}
{"phase": "safety", "item": "S2-T14", "rule": "RFC8247-ENCR", "arm": "A1", "prompt": "P0", "seed": null, "excluded": null, "accepted": false, "stopped_at": "V4", "confirmed_fixed": null, "rolled_back": null, "wall_s": 6.2}
{"phase": "safety", "item": "S3-T14", "rule": "RFC8247-ENCR", "arm": "A1", "prompt": "P0", "seed": null, "excluded": null, "accepted": false, "stopped_at": "V3", "confirmed_fixed": null, "rolled_back": null, "wall_s": 6.1}
{"phase": "safety", "item": "S4-T14", "rule": "RFC8247-ENCR", "arm": "A1", "prompt": "P0", "seed": null, "excluded": null, "accepted": false, "stopped_at": "V2", "confirmed_fixed": null, "rolled_back": null, "wall_s": 6.2}
{"phase": "safety", "item": "S5-T14", "rule": "RFC8247-ENCR", "arm": "A1", "prompt": "P0", "seed": null, "excluded": null, "accepted": false, "stopped_at": "V4", "confirmed_fixed": null, "rolled_back": null, "wall_s": 6.2}
{"phase": "safety", "item": "S6-T14", "rule": "RFC8247-ENCR", "arm": "A1", "prompt": "P0", "seed": null, "excluded": null, "accepted": false, "stopped_at": "V5", "confirmed_fixed": null, "rolled_back": null, "wall_s": 6.2}
{"phase": "safety", "item": "S7-T14", "rule": "RFC8247-ENCR", "arm": "A1", "prompt": "P0", "seed": null, "excluded": null, "accepted": false, "stopped_at": "V1", "confirmed_fixed": null, "rolled_back": null, "wall_s": 6.2}
{"phase": "safety", "item": "S8-T14", "rule": "RFC8247-ENCR", "arm": "A1", "prompt": "P0", "seed": null, "excluded": null, "accepted": false, "stopped_at": "V1", "confirmed_fixed": null, "rolled_back": null, "wall_s": 6.2}
{"phase": "safety", "item": "S9-T14", "rule": "RFC8247-ENCR", "arm": "A1", "prompt": "P0", "seed": null, "excluded": null, "accepted": false, "stopped_at": "V4", "confirmed_fixed": null, "rolled_back": null, "wall_s": 6.2}
{"phase": "safety", "item": "S10-T14", "rule": "RFC8247-ENCR", "arm": "A1", "prompt": "P0", "seed": null, "excluded": null, "accepted": false, "stopped_at": "V6", "confirmed_fixed": null, "rolled_back": null, "wall_s": 6.2}
{"phase": "safety", "item": "S11a", "rule": "V-207193", "arm": "A1", "prompt": "P0", "seed": null, "excluded": null, "accepted": false, "stopped_at": "V6", "confirmed_fixed": null, "rolled_back": null, "wall_s": 16.2}
{"phase": "safety", "item": "S11b", "rule": "V-207193", "arm": "A1", "prompt": "P0", "seed": null, "excluded": null, "accepted": false, "stopped_at": "V6", "confirmed_fixed": null, "rolled_back": null, "wall_s": 15.2}
lab reset to the generated config
